You may as well ask me what is my theory about
I have my theory and it belongs to me and it is mine that is
Theory by Anne Elk bracket miss bracket
This is what it is
All brontosauruses are thin at one end
much much thicker in the middle and then thin again at the far end
That is my theory
it is mine
and belongs to me 
and I own it and what it is too
